// Jest Snapshot v1, https://goo.gl/fbAQLP

exports[`Pages component Snapshot 1`] = `
<div>
  <div
    style="height: 100vh; position: fixed; display: flex; align-items: center; left: 16px;"
  >
    <div
      class="MuiPaper-root MuiPaper-elevation1 MuiPaper-rounded"
    >
      <ul
        class="MuiList-root MuiList-padding"
        role="menu"
        tabindex="-1"
      >
        <li
          aria-disabled="false"
          class="MuiButtonBase-root MuiListItem-root MuiMenuItem-root MuiMenuItem-gutters MuiListItem-gutters MuiListItem-button"
          data-page="1"
          role="menuitem"
          tabindex="0"
        >
          1
          <span
            class="MuiTouchRipple-root"
          />
        </li>
        <li
          aria-disabled="false"
          class="MuiButtonBase-root MuiListItem-root MuiMenuItem-root MuiMenuItem-gutters MuiListItem-gutters MuiListItem-button"
          data-page="2"
          role="menuitem"
          tabindex="-1"
        >
          2
          <span
            class="MuiTouchRipple-root"
          />
        </li>
        <li
          aria-disabled="false"
          class="MuiButtonBase-root MuiListItem-root MuiMenuItem-root MuiMenuItem-gutters MuiListItem-gutters MuiListItem-button"
          data-page="3"
          role="menuitem"
          tabindex="-1"
        >
          3
          <span
            class="MuiTouchRipple-root"
          />
        </li>
      </ul>
    </div>
  </div>
</div>
`;
